
<!DOCTYPE html>
<html lang="en">
<head>
  <title>My awesome soaps n shid!</title>
  <meta charset="UTF-8"/>
  <meta name="description" content="Sign up for our email listserv to get the latest updates on our soaps!"/>
</head>
<body>
  <nav role="navigation">
  <div>
    <h1>carlas country cabinets</h1>
    <ul>
      <li><a href="/">home</a></li>
      <li><a href="/about">about</a></li>
      <li><a href="/contact">contact</a></li>
    </ul>
  </div>
</nav>
<main>

<h1>hello world</h1>

<p>This is a description</p>

Tags: <ul><li>go</li><li>tdd</li></ul>

</main>
<footer>
  <ul>
    <li><a href="https://twitter.com/cccstore">Twitter</a></li>
    <li><a href="https://github.com/cccstore">GitHub</a></li>
  </ul>
</footer>
</body>
</html>

